Archive member included to satisfy reference by file (symbol)

/Applications/Ac6/SystemWorkbench.app/Contents/Eclipse/plugins/fr.ac6.mcu.externaltools.arm-none.macos64_1.13.0.201701261202/tools/compiler/bin/../lib/gcc/arm-none-eabi/5.4.1/armv7e-m/fpu/libgcc.a(_arm_addsubdf3.o)
                              src/main.o (__aeabi_i2d)
/Applications/Ac6/SystemWorkbench.app/Contents/Eclipse/plugins/fr.ac6.mcu.externaltools.arm-none.macos64_1.13.0.201701261202/tools/compiler/bin/../lib/gcc/arm-none-eabi/5.4.1/armv7e-m/fpu/libgcc.a(_arm_muldivdf3.o)
                              src/7seg.o (__aeabi_dmul)
/Applications/Ac6/SystemWorkbench.app/Contents/Eclipse/plugins/fr.ac6.mcu.externaltools.arm-none.macos64_1.13.0.201701261202/tools/compiler/bin/../lib/gcc/arm-none-eabi/5.4.1/armv7e-m/fpu/libgcc.a(_arm_fixdfsi.o)
                              src/7seg.o (__aeabi_d2iz)
/Applications/Ac6/SystemWorkbench.app/Contents/Eclipse/plugins/fr.ac6.mcu.externaltools.arm-none.macos64_1.13.0.201701261202/tools/compiler/bin/../lib/gcc/arm-none-eabi/5.4.1/../../../../arm-none-eabi/lib/armv7e-m/fpu/libc.a(lib_a-errno.o)
                              startup/sysmem.o (__errno)
/Applications/Ac6/SystemWorkbench.app/Contents/Eclipse/plugins/fr.ac6.mcu.externaltools.arm-none.macos64_1.13.0.201701261202/tools/compiler/bin/../lib/gcc/arm-none-eabi/5.4.1/../../../../arm-none-eabi/lib/armv7e-m/fpu/libc.a(lib_a-exit.o)
                              /Applications/Ac6/SystemWorkbench.app/Contents/Eclipse/plugins/fr.ac6.mcu.externaltools.arm-none.macos64_1.13.0.201701261202/tools/compiler/bin/../lib/gcc/arm-none-eabi/5.4.1/../../../../arm-none-eabi/lib/armv7e-m/fpu/crt0.o (exit)
/Applications/Ac6/SystemWorkbench.app/Contents/Eclipse/plugins/fr.ac6.mcu.externaltools.arm-none.macos64_1.13.0.201701261202/tools/compiler/bin/../lib/gcc/arm-none-eabi/5.4.1/../../../../arm-none-eabi/lib/armv7e-m/fpu/libc.a(lib_a-impure.o)
                              /Applications/Ac6/SystemWorkbench.app/Contents/Eclipse/plugins/fr.ac6.mcu.externaltools.arm-none.macos64_1.13.0.201701261202/tools/compiler/bin/../lib/gcc/arm-none-eabi/5.4.1/../../../../arm-none-eabi/lib/armv7e-m/fpu/libc.a(lib_a-exit.o) (_global_impure_ptr)
/Applications/Ac6/SystemWorkbench.app/Contents/Eclipse/plugins/fr.ac6.mcu.externaltools.arm-none.macos64_1.13.0.201701261202/tools/compiler/bin/../lib/gcc/arm-none-eabi/5.4.1/../../../../arm-none-eabi/lib/armv7e-m/fpu/libc.a(lib_a-init.o)
                              /Applications/Ac6/SystemWorkbench.app/Contents/Eclipse/plugins/fr.ac6.mcu.externaltools.arm-none.macos64_1.13.0.201701261202/tools/compiler/bin/../lib/gcc/arm-none-eabi/5.4.1/../../../../arm-none-eabi/lib/armv7e-m/fpu/crt0.o (__libc_init_array)
/Applications/Ac6/SystemWorkbench.app/Contents/Eclipse/plugins/fr.ac6.mcu.externaltools.arm-none.macos64_1.13.0.201701261202/tools/compiler/bin/../lib/gcc/arm-none-eabi/5.4.1/../../../../arm-none-eabi/lib/armv7e-m/fpu/libc.a(lib_a-memset.o)
                              /Applications/Ac6/SystemWorkbench.app/Contents/Eclipse/plugins/fr.ac6.mcu.externaltools.arm-none.macos64_1.13.0.201701261202/tools/compiler/bin/../lib/gcc/arm-none-eabi/5.4.1/../../../../arm-none-eabi/lib/armv7e-m/fpu/crt0.o (memset)
/Applications/Ac6/SystemWorkbench.app/Contents/Eclipse/plugins/fr.ac6.mcu.externaltools.arm-none.macos64_1.13.0.201701261202/tools/compiler/bin/../lib/gcc/arm-none-eabi/5.4.1/../../../../arm-none-eabi/lib/armv7e-m/fpu/libc.a(lib_a-__call_atexit.o)
                              /Applications/Ac6/SystemWorkbench.app/Contents/Eclipse/plugins/fr.ac6.mcu.externaltools.arm-none.macos64_1.13.0.201701261202/tools/compiler/bin/../lib/gcc/arm-none-eabi/5.4.1/../../../../arm-none-eabi/lib/armv7e-m/fpu/libc.a(lib_a-exit.o) (__call_exitprocs)
/Applications/Ac6/SystemWorkbench.app/Contents/Eclipse/plugins/fr.ac6.mcu.externaltools.arm-none.macos64_1.13.0.201701261202/tools/compiler/bin/../lib/gcc/arm-none-eabi/5.4.1/../../../../arm-none-eabi/lib/armv7e-m/fpu/libc.a(lib_a-atexit.o)
                              /Applications/Ac6/SystemWorkbench.app/Contents/Eclipse/plugins/fr.ac6.mcu.externaltools.arm-none.macos64_1.13.0.201701261202/tools/compiler/bin/../lib/gcc/arm-none-eabi/5.4.1/../../../../arm-none-eabi/lib/armv7e-m/fpu/libc.a(lib_a-__call_atexit.o) (atexit)
/Applications/Ac6/SystemWorkbench.app/Contents/Eclipse/plugins/fr.ac6.mcu.externaltools.arm-none.macos64_1.13.0.201701261202/tools/compiler/bin/../lib/gcc/arm-none-eabi/5.4.1/../../../../arm-none-eabi/lib/armv7e-m/fpu/libc.a(lib_a-fini.o)
                              /Applications/Ac6/SystemWorkbench.app/Contents/Eclipse/plugins/fr.ac6.mcu.externaltools.arm-none.macos64_1.13.0.201701261202/tools/compiler/bin/../lib/gcc/arm-none-eabi/5.4.1/../../../../arm-none-eabi/lib/armv7e-m/fpu/libc.a(lib_a-__call_atexit.o) (__libc_fini_array)
/Applications/Ac6/SystemWorkbench.app/Contents/Eclipse/plugins/fr.ac6.mcu.externaltools.arm-none.macos64_1.13.0.201701261202/tools/compiler/bin/../lib/gcc/arm-none-eabi/5.4.1/../../../../arm-none-eabi/lib/armv7e-m/fpu/libc.a(lib_a-__atexit.o)
                              /Applications/Ac6/SystemWorkbench.app/Contents/Eclipse/plugins/fr.ac6.mcu.externaltools.arm-none.macos64_1.13.0.201701261202/tools/compiler/bin/../lib/gcc/arm-none-eabi/5.4.1/../../../../arm-none-eabi/lib/armv7e-m/fpu/libc.a(lib_a-atexit.o) (__register_exitproc)

Discarded input sections

 .text          0x0000000000000000        0x0 /Applications/Ac6/SystemWorkbench.app/Contents/Eclipse/plugins/fr.ac6.mcu.externaltools.arm-none.macos64_1.13.0.201701261202/tools/compiler/bin/../lib/gcc/arm-none-eabi/5.4.1/armv7e-m/fpu/crti.o
 .data          0x0000000000000000        0x0 /Applications/Ac6/SystemWorkbench.app/Contents/Eclipse/plugins/fr.ac6.mcu.externaltools.arm-none.macos64_1.13.0.201701261202/tools/compiler/bin/../lib/gcc/arm-none-eabi/5.4.1/armv7e-m/fpu/crti.o
 .bss           0x0000000000000000        0x0 /Applications/Ac6/SystemWorkbench.app/Contents/Eclipse/plugins/fr.ac6.mcu.externaltools.arm-none.macos64_1.13.0.201701261202/tools/compiler/bin/../lib/gcc/arm-none-eabi/5.4.1/armv7e-m/fpu/crti.o
 .data          0x0000000000000000        0x4 /Applications/Ac6/SystemWorkbench.app/Contents/Eclipse/plugins/fr.ac6.mcu.externaltools.arm-none.macos64_1.13.0.201701261202/tools/compiler/bin/../lib/gcc/arm-none-eabi/5.4.1/armv7e-m/fpu/crtbegin.o
 .text          0x0000000000000000       0x74 /Applications/Ac6/SystemWorkbench.app/Contents/Eclipse/plugins/fr.ac6.mcu.externaltools.arm-none.macos64_1.13.0.201701261202/tools/compiler/bin/../lib/gcc/arm-none-eabi/5.4.1/../../../../arm-none-eabi/lib/armv7e-m/fpu/crt0.o
 .data          0x0000000000000000        0x0 /Applications/Ac6/SystemWorkbench.app/Contents/Eclipse/plugins/fr.ac6.mcu.externaltools.arm-none.macos64_1.13.0.201701261202/tools/compiler/bin/../lib/gcc/arm-none-eabi/5.4.1/../../../../arm-none-eabi/lib/armv7e-m/fpu/crt0.o
 .bss           0x0000000000000000        0x0 /Applications/Ac6/SystemWorkbench.app/Contents/Eclipse/plugins/fr.ac6.mcu.externaltools.arm-none.macos64_1.13.0.201701261202/tools/compiler/bin/../lib/gcc/arm-none-eabi/5.4.1/../../../../arm-none-eabi/lib/armv7e-m/fpu/crt0.o
 .ARM.extab     0x0000000000000000        0x0 /Applications/Ac6/SystemWorkbench.app/Contents/Eclipse/plugins/fr.ac6.mcu.externaltools.arm-none.macos64_1.13.0.201701261202/tools/compiler/bin/../lib/gcc/arm-none-eabi/5.4.1/../../../../arm-none-eabi/lib/armv7e-m/fpu/crt0.o
 .ARM.exidx     0x0000000000000000        0x8 /Applications/Ac6/SystemWorkbench.app/Contents/Eclipse/plugins/fr.ac6.mcu.externaltools.arm-none.macos64_1.13.0.201701261202/tools/compiler/bin/../lib/gcc/arm-none-eabi/5.4.1/../../../../arm-none-eabi/lib/armv7e-m/fpu/crt0.o
 .ARM.attributes
                0x0000000000000000       0x20 /Applications/Ac6/SystemWorkbench.app/Contents/Eclipse/plugins/fr.ac6.mcu.externaltools.arm-none.macos64_1.13.0.201701261202/tools/compiler/bin/../lib/gcc/arm-none-eabi/5.4.1/../../../../arm-none-eabi/lib/armv7e-m/fpu/crt0.o
 .group         0x0000000000000000        0x8 src/7seg.o
 .group         0x0000000000000000        0x8 src/7seg.o
 .group         0x0000000000000000        0x8 src/7seg.o
 .group         0x0000000000000000        0x8 src/7seg.o
 .group         0x0000000000000000        0x8 src/7seg.o
 .group         0x0000000000000000        0x8 src/7seg.o
 .group         0x0000000000000000        0x8 src/7seg.o
 .group         0x0000000000000000        0x8 src/7seg.o
 .group         0x0000000000000000        0x8 src/7seg.o
 .group         0x0000000000000000        0x8 src/7seg.o
 .group         0x0000000000000000        0x8 src/7seg.o
 .group         0x0000000000000000        0x8 src/7seg.o
 .group         0x0000000000000000        0x8 src/7seg.o
 .text          0x0000000000000000        0x0 src/7seg.o
 .data          0x0000000000000000        0x0 src/7seg.o
 .bss           0x0000000000000000        0x0 src/7seg.o
 .text.init_7seg
                0x0000000000000000       0xd4 src/7seg.o
 .text.send_7seg
                0x0000000000000000       0x98 src/7seg.o
 .text.set_Intensity
                0x0000000000000000       0x2c src/7seg.o
 .text.set_Shutdown
                0x0000000000000000       0x2c src/7seg.o
 .text.set_Decode
                0x0000000000000000       0x2c src/7seg.o
 .text.set_ScanLimit
                0x0000000000000000       0x2c src/7seg.o
 .text.dot_Point
                0x0000000000000000       0x1c src/7seg.o
 .text.clear_all
                0x0000000000000000       0x38 src/7seg.o
 .text.get_Non_Decode
                0x0000000000000000       0x8c src/7seg.o
 .text.display_one
                0x0000000000000000      0x10c src/7seg.o
 .text.display_from_right
                0x0000000000000000      0x108 src/7seg.o
 .text.display_two_decimal
                0x0000000000000000      0x158 src/7seg.o
 .debug_info    0x0000000000000000      0x6f4 src/7seg.o
 .debug_abbrev  0x0000000000000000      0x138 src/7seg.o
 .debug_aranges
                0x0000000000000000       0x78 src/7seg.o
 .debug_ranges  0x0000000000000000       0x68 src/7seg.o
 .debug_macro   0x0000000000000000       0xc1 src/7seg.o
 .debug_macro   0x0000000000000000      0x89e src/7seg.o
 .debug_macro   0x0000000000000000       0x28 src/7seg.o
 .debug_macro   0x0000000000000000       0x22 src/7seg.o
 .debug_macro   0x0000000000000000       0x87 src/7seg.o
 .debug_macro   0x0000000000000000       0x44 src/7seg.o
 .debug_macro   0x0000000000000000       0xfd src/7seg.o
 .debug_macro   0x0000000000000000       0x5e src/7seg.o
 .debug_macro   0x0000000000000000      0x1df src/7seg.o
 .debug_macro   0x0000000000000000       0x35 src/7seg.o
 .debug_macro   0x0000000000000000       0x50 src/7seg.o
 .debug_macro   0x0000000000000000      0xe66 src/7seg.o
 .debug_macro   0x0000000000000000    0x1a16e src/7seg.o
 .debug_macro   0x0000000000000000      0x148 src/7seg.o
 .debug_line    0x0000000000000000      0x56b src/7seg.o
 .debug_str     0x0000000000000000    0x9a792 src/7seg.o
 .comment       0x0000000000000000       0x6f src/7seg.o
 .debug_frame   0x0000000000000000      0x1d8 src/7seg.o
 .ARM.attributes
                0x0000000000000000       0x39 src/7seg.o
 .group         0x0000000000000000        0x8 src/gpio.o
 .group         0x0000000000000000        0x8 src/gpio.o
 .group         0x0000000000000000        0x8 src/gpio.o
 .group         0x0000000000000000        0x8 src/gpio.o
 .group         0x0000000000000000        0x8 src/gpio.o
 .group         0x0000000000000000        0x8 src/gpio.o
 .group         0x0000000000000000        0x8 src/gpio.o
 .group         0x0000000000000000        0x8 src/gpio.o
 .group         0x0000000000000000        0x8 src/gpio.o
 .group         0x0000000000000000        0x8 src/gpio.o
 .group         0x0000000000000000        0x8 src/gpio.o
 .group         0x0000000000000000        0x8 src/gpio.o
 .text          0x0000000000000000        0x0 src/gpio.o
 .data          0x0000000000000000        0x0 src/gpio.o
 .bss           0x0000000000000000        0x0 src/gpio.o
 .debug_macro   0x0000000000000000      0x89e src/gpio.o
 .debug_macro   0x0000000000000000       0x28 src/gpio.o
 .debug_macro   0x0000000000000000       0x22 src/gpio.o
 .debug_macro   0x0000000000000000       0x87 src/gpio.o
 .debug_macro   0x0000000000000000       0x44 src/gpio.o
 .debug_macro   0x0000000000000000       0xfd src/gpio.o
 .debug_macro   0x0000000000000000       0x5e src/gpio.o
 .debug_macro   0x0000000000000000      0x1df src/gpio.o
 .debug_macro   0x0000000000000000       0x35 src/gpio.o
 .debug_macro   0x0000000000000000       0x50 src/gpio.o
 .debug_macro   0x0000000000000000      0xe66 src/gpio.o
 .debug_macro   0x0000000000000000    0x1a16e src/gpio.o
 .group         0x0000000000000000        0x8 src/helper_functions.o
 .group         0x0000000000000000        0x8 src/helper_functions.o
 .group         0x0000000000000000        0x8 src/helper_functions.o
 .group         0x0000000000000000        0x8 src/helper_functions.o
 .group         0x0000000000000000        0x8 src/helper_functions.o
 .group         0x0000000000000000        0x8 src/helper_functions.o
 .group         0x0000000000000000        0x8 src/helper_functions.o
 .group         0x0000000000000000        0x8 src/helper_functions.o
 .group         0x0000000000000000        0x8 src/helper_functions.o
 .group         0x0000000000000000        0x8 src/helper_functions.o
 .group         0x0000000000000000        0x8 src/helper_functions.o
 .group         0x0000000000000000        0x8 src/helper_functions.o
 .text          0x0000000000000000        0x0 src/helper_functions.o
 .data          0x0000000000000000        0x0 src/helper_functions.o
 .bss           0x0000000000000000        0x0 src/helper_functions.o
 .debug_macro   0x0000000000000000      0x89e src/helper_functions.o
 .debug_macro   0x0000000000000000       0x28 src/helper_functions.o
 .debug_macro   0x0000000000000000       0x22 src/helper_functions.o
 .debug_macro   0x0000000000000000       0x87 src/helper_functions.o
 .debug_macro   0x0000000000000000       0x44 src/helper_functions.o
 .debug_macro   0x0000000000000000       0xfd src/helper_functions.o
 .debug_macro   0x0000000000000000       0x5e src/helper_functions.o
 .debug_macro   0x0000000000000000      0x1df src/helper_functions.o
 .debug_macro   0x0000000000000000       0x35 src/helper_functions.o
 .debug_macro   0x0000000000000000       0x50 src/helper_functions.o
 .debug_macro   0x0000000000000000      0xe66 src/helper_functions.o
 .debug_macro   0x0000000000000000    0x1a16e src/helper_functions.o
 .group         0x0000000000000000        0x8 src/keypad.o
 .group         0x0000000000000000        0x8 src/keypad.o
 .group         0x0000000000000000        0x8 src/keypad.o
 .group         0x0000000000000000        0x8 src/keypad.o
 .group         0x0000000000000000        0x8 src/keypad.o
 .group         0x0000000000000000        0x8 src/keypad.o
 .group         0x0000000000000000        0x8 src/keypad.o
 .group         0x0000000000000000        0x8 src/keypad.o
 .group         0x0000000000000000        0x8 src/keypad.o
 .group         0x0000000000000000        0x8 src/keypad.o
 .group         0x0000000000000000        0x8 src/keypad.o
 .group         0x0000000000000000        0x8 src/keypad.o
 .group         0x0000000000000000        0x8 src/keypad.o
 .group         0x0000000000000000        0x8 src/keypad.o
 .text          0x0000000000000000        0x0 src/keypad.o
 .data          0x0000000000000000       0x20 src/keypad.o
 .bss           0x0000000000000000        0x0 src/keypad.o
 .text.init_keypad
                0x0000000000000000       0xf8 src/keypad.o
 .debug_info    0x0000000000000000      0x3ee src/keypad.o
 .debug_abbrev  0x0000000000000000       0xe8 src/keypad.o
 .debug_aranges
                0x0000000000000000       0x20 src/keypad.o
 .debug_ranges  0x0000000000000000       0x10 src/keypad.o
 .debug_macro   0x0000000000000000       0xca src/keypad.o
 .debug_macro   0x0000000000000000      0x89e src/keypad.o
 .debug_macro   0x0000000000000000       0x28 src/keypad.o
 .debug_macro   0x0000000000000000       0x22 src/keypad.o
 .debug_macro   0x0000000000000000       0x87 src/keypad.o
 .debug_macro   0x0000000000000000       0x44 src/keypad.o
 .debug_macro   0x0000000000000000       0xfd src/keypad.o
 .debug_macro   0x0000000000000000       0x5e src/keypad.o
 .debug_macro   0x0000000000000000      0x1df src/keypad.o
 .debug_macro   0x0000000000000000       0x35 src/keypad.o
 .debug_macro   0x0000000000000000       0x50 src/keypad.o
 .debug_macro   0x0000000000000000      0xe66 src/keypad.o
 .debug_macro   0x0000000000000000    0x1a16e src/keypad.o
 .debug_macro   0x0000000000000000       0x40 src/keypad.o
 .debug_macro   0x0000000000000000      0x148 src/keypad.o
 .debug_line    0x0000000000000000      0x436 src/keypad.o
 .debug_str     0x0000000000000000    0x9a6e8 src/keypad.o
 .comment       0x0000000000000000       0x6f src/keypad.o
 .debug_frame   0x0000000000000000       0x34 src/keypad.o
 .ARM.attributes
                0x0000000000000000       0x39 src/keypad.o
 .group         0x0000000000000000        0x8 src/led_button.o
 .group         0x0000000000000000        0x8 src/led_button.o
 .group         0x0000000000000000        0x8 src/led_button.o
 .group         0x0000000000000000        0x8 src/led_button.o
 .group         0x0000000000000000        0x8 src/led_button.o
 .group         0x0000000000000000        0x8 src/led_button.o
 .group         0x0000000000000000        0x8 src/led_button.o
 .group         0x0000000000000000        0x8 src/led_button.o
 .group         0x0000000000000000        0x8 src/led_button.o
 .group         0x0000000000000000        0x8 src/led_button.o
 .group         0x0000000000000000        0x8 src/led_button.o
 .group         0x0000000000000000        0x8 src/led_button.o
 .text          0x0000000000000000        0x0 src/led_button.o
 .data          0x0000000000000000        0x0 src/led_button.o
 .bss           0x0000000000000000        0x0 src/led_button.o
 .debug_macro   0x0000000000000000      0x89e src/led_button.o
 .debug_macro   0x0000000000000000       0x28 src/led_button.o
 .debug_macro   0x0000000000000000       0x22 src/led_button.o
 .debug_macro   0x0000000000000000       0x87 src/led_button.o
 .debug_macro   0x0000000000000000       0x44 src/led_button.o
 .debug_macro   0x0000000000000000       0xfd src/led_button.o
 .debug_macro   0x0000000000000000       0x5e src/led_button.o
 .debug_macro   0x0000000000000000      0x1df src/led_button.o
 .debug_macro   0x0000000000000000       0x35 src/led_button.o
 .debug_macro   0x0000000000000000       0x50 src/led_button.o
 .debug_macro   0x0000000000000000      0xe66 src/led_button.o
 .debug_macro   0x0000000000000000    0x1a16e src/led_button.o
 .group         0x0000000000000000        0x8 src/main.o
 .group         0x0000000000000000        0x8 src/main.o
 .group         0x0000000000000000        0x8 src/main.o
 .group         0x0000000000000000        0x8 src/main.o
 .group         0x0000000000000000        0x8 src/main.o
 .group         0x0000000000000000        0x8 src/main.o
 .group         0x0000000000000000        0x8 src/main.o
 .group         0x0000000000000000        0x8 src/main.o
 .group         0x0000000000000000        0x8 src/main.o
 .group         0x0000000000000000        0x8 src/main.o
 .group         0x0000000000000000        0x8 src/main.o
 .group         0x0000000000000000        0x8 src/main.o
 .group         0x0000000000000000        0x8 src/main.o
 .group         0x0000000000000000        0x8 src/main.o
 .text          0x0000000000000000        0x0 src/main.o
 .data          0x0000000000000000        0x0 src/main.o
 .bss           0x0000000000000000        0x0 src/main.o
 .debug_macro   0x0000000000000000      0x89e src/main.o
 .debug_macro   0x0000000000000000       0x28 src/main.o
 .debug_macro   0x0000000000000000       0x22 src/main.o
 .debug_macro   0x0000000000000000       0x87 src/main.o
 .debug_macro   0x0000000000000000       0x44 src/main.o
 .debug_macro   0x0000000000000000       0xfd src/main.o
 .debug_macro   0x0000000000000000       0x5e src/main.o
 .debug_macro   0x0000000000000000      0x1df src/main.o
 .debug_macro   0x0000000000000000       0x35 src/main.o
 .debug_macro   0x0000000000000000       0x50 src/main.o
 .debug_macro   0x0000000000000000      0xe66 src/main.o
 .debug_macro   0x0000000000000000    0x1a16e src/main.o
 .debug_macro   0x0000000000000000      0x148 src/main.o
 .debug_macro   0x0000000000000000       0x40 src/main.o
 .group         0x0000000000000000        0x8 src/timer_counter.o
 .group         0x0000000000000000        0x8 src/timer_counter.o
 .group         0x0000000000000000        0x8 src/timer_counter.o
 .group         0x0000000000000000        0x8 src/timer_counter.o
 .group         0x0000000000000000        0x8 src/timer_counter.o
 .group         0x0000000000000000        0x8 src/timer_counter.o
 .group         0x0000000000000000        0x8 src/timer_counter.o
 .group         0x0000000000000000        0x8 src/timer_counter.o
 .group         0x0000000000000000        0x8 src/timer_counter.o
 .group         0x0000000000000000        0x8 src/timer_counter.o
 .group         0x0000000000000000        0x8 src/timer_counter.o
 .group         0x0000000000000000        0x8 src/timer_counter.o
 .text          0x0000000000000000        0x0 src/timer_counter.o
 .data          0x0000000000000000        0x0 src/timer_counter.o
 .bss           0x0000000000000000        0x0 src/timer_counter.o
 .text.timer_enable
                0x0000000000000000       0x48 src/timer_counter.o
 .text.timer_init
                0x0000000000000000       0x38 src/timer_counter.o
 .text.timer_start
                0x0000000000000000       0x20 src/timer_counter.o
 .text.timer_stop
                0x0000000000000000       0x20 src/timer_counter.o
 .text.GPIO_init_AF
                0x0000000000000000       0x60 src/timer_counter.o
 .text.PWM_channel_init
                0x0000000000000000       0xa0 src/timer_counter.o
 .debug_macro   0x0000000000000000      0x89e src/timer_counter.o
 .debug_macro   0x0000000000000000       0x28 src/timer_counter.o
 .debug_macro   0x0000000000000000       0x22 src/timer_counter.o
 .debug_macro   0x0000000000000000       0x87 src/timer_counter.o
 .debug_macro   0x0000000000000000       0x44 src/timer_counter.o
 .debug_macro   0x0000000000000000       0xfd src/timer_counter.o
 .debug_macro   0x0000000000000000       0x5e src/timer_counter.o
 .debug_macro   0x0000000000000000      0x1df src/timer_counter.o
 .debug_macro   0x0000000000000000       0x35 src/timer_counter.o
 .debug_macro   0x0000000000000000       0x50 src/timer_counter.o
 .debug_macro   0x0000000000000000      0xe66 src/timer_counter.o
 .debug_macro   0x0000000000000000    0x1a16e src/timer_counter.o
 .text          0x0000000000000000       0x14 startup/startup_stm32.o
 .data          0x0000000000000000        0x0 startup/startup_stm32.o
 .bss           0x0000000000000000        0x0 startup/startup_stm32.o
 .group         0x0000000000000000        0x8 startup/sysmem.o
 .group         0x0000000000000000        0x8 startup/sysmem.o
 .group         0x0000000000000000        0x8 startup/sysmem.o
 .group         0x0000000000000000        0x8 startup/sysmem.o
 .group         0x0000000000000000        0x8 startup/sysmem.o
 .group         0x0000000000000000        0x8 startup/sysmem.o
 .group         0x0000000000000000        0x8 startup/sysmem.o
 .group         0x0000000000000000        0x8 startup/sysmem.o
 .group         0x0000000000000000        0x8 startup/sysmem.o
 .group         0x0000000000000000        0x8 startup/sysmem.o
 .group         0x0000000000000000        0x8 startup/sysmem.o
 .group         0x0000000000000000        0x8 startup/sysmem.o
 .group         0x0000000000000000        0x8 startup/sysmem.o
 .group         0x0000000000000000        0x8 startup/sysmem.o
 .group         0x0000000000000000        0x8 startup/sysmem.o
 .group         0x0000000000000000        0x8 startup/sysmem.o
 .group         0x0000000000000000        0x8 startup/sysmem.o
 .group         0x0000000000000000        0x8 startup/sysmem.o
 .group         0x0000000000000000        0x8 startup/sysmem.o
 .group         0x0000000000000000        0x8 startup/sysmem.o
 .group         0x0000000000000000        0x8 startup/sysmem.o
 .group         0x0000000000000000        0x8 startup/sysmem.o
 .group         0x0000000000000000        0x8 startup/sysmem.o
 .group         0x0000000000000000        0x8 startup/sysmem.o
 .group         0x0000000000000000        0x8 startup/sysmem.o
 .group         0x0000000000000000        0x8 startup/sysmem.o
 .group         0x0000000000000000        0x8 startup/sysmem.o
 .group         0x0000000000000000        0x8 startup/sysmem.o
 .group         0x0000000000000000        0x8 startup/sysmem.o
 .text          0x0000000000000000        0x0 startup/sysmem.o
 .data          0x0000000000000000        0x0 startup/sysmem.o
 .bss           0x0000000000000000        0x4 startup/sysmem.o
 .text._sbrk    0x0000000000000000       0x58 startup/sysmem.o
 .debug_info    0x0000000000000000      0x108 startup/sysmem.o
 .debug_abbrev  0x0000000000000000       0xa1 startup/sysmem.o
 .debug_aranges
                0x0000000000000000       0x20 startup/sysmem.o
 .debug_ranges  0x0000000000000000       0x10 startup/sysmem.o
 .debug_macro   0x0000000000000000      0x196 startup/sysmem.o
 .debug_macro   0x0000000000000000      0x89e startup/sysmem.o
 .debug_macro   0x0000000000000000       0x10 startup/sysmem.o
 .debug_macro   0x0000000000000000       0x22 startup/sysmem.o
 .debug_macro   0x0000000000000000       0x4c startup/sysmem.o
 .debug_macro   0x0000000000000000       0x8d startup/sysmem.o
 .debug_macro   0x0000000000000000       0x35 startup/sysmem.o
 .debug_macro   0x0000000000000000       0x9c startup/sysmem.o
 .debug_macro   0x0000000000000000      0x174 startup/sysmem.o
 .debug_macro   0x0000000000000000       0x4a startup/sysmem.o
 .debug_macro   0x0000000000000000       0x52 startup/sysmem.o
 .debug_macro   0x0000000000000000       0x1f startup/sysmem.o
 .debug_macro   0x0000000000000000       0x43 startup/sysmem.o
 .debug_macro   0x0000000000000000       0x20 startup/sysmem.o
 .debug_macro   0x0000000000000000      0x187 startup/sysmem.o
 .debug_macro   0x0000000000000000      0x23b startup/sysmem.o
 .debug_macro   0x0000000000000000       0x16 startup/sysmem.o
 .debug_macro   0x0000000000000000       0x35 startup/sysmem.o
 .debug_macro   0x0000000000000000      0x30d startup/sysmem.o
 .debug_macro   0x0000000000000000       0x10 startup/sysmem.o
 .debug_macro   0x0000000000000000       0x10 startup/sysmem.o
 .debug_macro   0x0000000000000000       0x5e startup/sysmem.o
 .debug_macro   0x0000000000000000       0x1c startup/sysmem.o
 .debug_macro   0x0000000000000000       0x52 startup/sysmem.o
 .debug_macro   0x0000000000000000       0x40 startup/sysmem.o
 .debug_macro   0x0000000000000000       0x10 startup/sysmem.o
 .debug_macro   0x0000000000000000       0x40 startup/sysmem.o
 .debug_macro   0x0000000000000000       0xd7 startup/sysmem.o
 .debug_macro   0x0000000000000000       0x16 startup/sysmem.o
 .debug_macro   0x0000000000000000      0x18b startup/sysmem.o
 .debug_line    0x0000000000000000      0x450 startup/sysmem.o
 .debug_str     0x0000000000000000     0x69b8 startup/sysmem.o
 .comment       0x0000000000000000       0x6f startup/sysmem.o
 .debug_frame   0x0000000000000000       0x34 startup/sysmem.o
 .ARM.attributes
                0x0000000000000000       0x39 startup/sysmem.o
 .data          0x0000000000000000        0x0 /Applications/Ac6/SystemWorkbench.app/Contents/Eclipse/plugins/fr.ac6.mcu.externaltools.arm-none.macos64_1.13.0.201701261202/tools/compiler/bin/../lib/gcc/arm-none-eabi/5.4.1/armv7e-m/fpu/libgcc.a(_arm_addsubdf3.o)
 .bss           0x0000000000000000        0x0 /Applications/Ac6/SystemWorkbench.app/Contents/Eclipse/plugins/fr.ac6.mcu.externaltools.arm-none.macos64_1.13.0.201701261202/tools/compiler/bin/../lib/gcc/arm-none-eabi/5.4.1/armv7e-m/fpu/libgcc.a(_arm_addsubdf3.o)
 .data          0x0000000000000000        0x0 /Applications/Ac6/SystemWorkbench.app/Contents/Eclipse/plugins/fr.ac6.mcu.externaltools.arm-none.macos64_1.13.0.201701261202/tools/compiler/bin/../lib/gcc/arm-none-eabi/5.4.1/armv7e-m/fpu/libgcc.a(_arm_muldivdf3.o)
 .bss           0x0000000000000000        0x0 /Applications/Ac6/SystemWorkbench.app/Contents/Eclipse/plugins/fr.ac6.mcu.externaltools.arm-none.macos64_1.13.0.201701261202/tools/compiler/bin/../lib/gcc/arm-none-eabi/5.4.1/armv7e-m/fpu/libgcc.a(_arm_muldivdf3.o)
 .data          0x0000000000000000        0x0 /Applications/Ac6/SystemWorkbench.app/Contents/Eclipse/plugins/fr.ac6.mcu.externaltools.arm-none.macos64_1.13.0.201701261202/tools/compiler/bin/../lib/gcc/arm-none-eabi/5.4.1/armv7e-m/fpu/libgcc.a(_arm_fixdfsi.o)
 .bss           0x0000000000000000        0x0 /Applications/Ac6/SystemWorkbench.app/Contents/Eclipse/plugins/fr.ac6.mcu.externaltools.arm-none.macos64_1.13.0.201701261202/tools/compiler/bin/../lib/gcc/arm-none-eabi/5.4.1/armv7e-m/fpu/libgcc.a(_arm_fixdfsi.o)
 .text          0x0000000000000000        0x0 /Applications/Ac6/SystemWorkbench.app/Contents/Eclipse/plugins/fr.ac6.mcu.externaltools.arm-none.macos64_1.13.0.201701261202/tools/compiler/bin/../lib/gcc/arm-none-eabi/5.4.1/../../../../arm-none-eabi/lib/armv7e-m/fpu/libc.a(lib_a-errno.o)
 .data          0x0000000000000000        0x0 /Applications/Ac6/SystemWorkbench.app/Contents/Eclipse/plugins/fr.ac6.mcu.externaltools.arm-none.macos64_1.13.0.201701261202/tools/compiler/bin/../lib/gcc/arm-none-eabi/5.4.1/../../../../arm-none-eabi/lib/armv7e-m/fpu/libc.a(lib_a-errno.o)
 .bss           0x0000000000000000        0x0 /Applications/Ac6/SystemWorkbench.app/Contents/Eclipse/plugins/fr.ac6.mcu.externaltools.arm-none.macos64_1.13.0.201701261202/tools/compiler/bin/../lib/gcc/arm-none-eabi/5.4.1/../../../../arm-none-eabi/lib/armv7e-m/fpu/libc.a(lib_a-errno.o)
 .text.__errno  0x0000000000000000        0xc /Applications/Ac6/SystemWorkbench.app/Contents/Eclipse/plugins/fr.ac6.mcu.externaltools.arm-none.macos64_1.13.0.201701261202/tools/compiler/bin/../lib/gcc/arm-none-eabi/5.4.1/../../../../arm-none-eabi/lib/armv7e-m/fpu/libc.a(lib_a-errno.o)
 .debug_frame   0x0000000000000000       0x20 /Applications/Ac6/SystemWorkbench.app/Contents/Eclipse/plugins/fr.ac6.mcu.externaltools.arm-none.macos64_1.13.0.201701261202/tools/compiler/bin/../lib/gcc/arm-none-eabi/5.4.1/../../../../arm-none-eabi/lib/armv7e-m/fpu/libc.a(lib_a-errno.o)
 .ARM.attributes
                0x0000000000000000       0x34 /Applications/Ac6/SystemWorkbench.app/Contents/Eclipse/plugins/fr.ac6.mcu.externaltools.arm-none.macos64_1.13.0.201701261202/tools/compiler/bin/../lib/gcc/arm-none-eabi/5.4.1/../../../../arm-none-eabi/lib/armv7e-m/fpu/libc.a(lib_a-errno.o)
 .text          0x0000000000000000        0x0 /Applications/Ac6/SystemWorkbench.app/Contents/Eclipse/plugins/fr.ac6.mcu.externaltools.arm-none.macos64_1.13.0.201701261202/tools/compiler/bin/../lib/gcc/arm-none-eabi/5.4.1/../../../../arm-none-eabi/lib/armv7e-m/fpu/libc.a(lib_a-exit.o)
 .data          0x0000000000000000        0x0 /Applications/Ac6/SystemWorkbench.app/Contents/Eclipse/plugins/fr.ac6.mcu.externaltools.arm-none.macos64_1.13.0.201701261202/tools/compiler/bin/../lib/gcc/arm-none-eabi/5.4.1/../../../../arm-none-eabi/lib/armv7e-m/fpu/libc.a(lib_a-exit.o)
 .bss           0x0000000000000000        0x0 /Applications/Ac6/SystemWorkbench.app/Contents/Eclipse/plugins/fr.ac6.mcu.externaltools.arm-none.macos64_1.13.0.201701261202/tools/compiler/bin/../lib/gcc/arm-none-eabi/5.4.1/../../../../arm-none-eabi/lib/armv7e-m/fpu/libc.a(lib_a-exit.o)
 .text.exit     0x0000000000000000       0x20 /Applications/Ac6/SystemWorkbench.app/Contents/Eclipse/plugins/fr.ac6.mcu.externaltools.arm-none.macos64_1.13.0.201701261202/tools/compiler/bin/../lib/gcc/arm-none-eabi/5.4.1/../../../../arm-none-eabi/lib/armv7e-m/fpu/libc.a(lib_a-exit.o)
 .debug_frame   0x0000000000000000       0x28 /Applications/Ac6/SystemWorkbench.app/Contents/Eclipse/plugins/fr.ac6.mcu.externaltools.arm-none.macos64_1.13.0.201701261202/tools/compiler/bin/../lib/gcc/arm-none-eabi/5.4.1/../../../../arm-none-eabi/lib/armv7e-m/fpu/libc.a(lib_a-exit.o)
 .ARM.attributes
                0x0000000000000000       0x34 /Applications/Ac6/SystemWorkbench.app/Contents/Eclipse/plugins/fr.ac6.mcu.externaltools.arm-none.macos64_1.13.0.201701261202/tools/compiler/bin/../lib/gcc/arm-none-eabi/5.4.1/../../../../arm-none-eabi/lib/armv7e-m/fpu/libc.a(lib_a-exit.o)
 .text          0x0000000000000000        0x0 /Applications/Ac6/SystemWorkbench.app/Contents/Eclipse/plugins/fr.ac6.mcu.externaltools.arm-none.macos64_1.13.0.201701261202/tools/compiler/bin/../lib/gcc/arm-none-eabi/5.4.1/../../../../arm-none-eabi/lib/armv7e-m/fpu/libc.a(lib_a-impure.o)
 .data          0x0000000000000000        0x0 /Applications/Ac6/SystemWorkbench.app/Contents/Eclipse/plugins/fr.ac6.mcu.externaltools.arm-none.macos64_1.13.0.201701261202/tools/compiler/bin/../lib/gcc/arm-none-eabi/5.4.1/../../../../arm-none-eabi/lib/armv7e-m/fpu/libc.a(lib_a-impure.o)
 .bss           0x0000000000000000        0x0 /Applications/Ac6/SystemWorkbench.app/Contents/Eclipse/plugins/fr.ac6.mcu.externaltools.arm-none.macos64_1.13.0.201701261202/tools/compiler/bin/../lib/gcc/arm-none-eabi/5.4.1/../../../../arm-none-eabi/lib/armv7e-m/fpu/libc.a(lib_a-impure.o)
 .data._impure_ptr
                0x0000000000000000        0x4 /Applications/Ac6/SystemWorkbench.app/Contents/Eclipse/plugins/fr.ac6.mcu.externaltools.arm-none.macos64_1.13.0.201701261202/tools/compiler/bin/../lib/gcc/arm-none-eabi/5.4.1/../../../../arm-none-eabi/lib/armv7e-m/fpu/libc.a(lib_a-impure.o)
 .text          0x0000000000000000        0x0 /Applications/Ac6/SystemWorkbench.app/Contents/Eclipse/plugins/fr.ac6.mcu.externaltools.arm-none.macos64_1.13.0.201701261202/tools/compiler/bin/../lib/gcc/arm-none-eabi/5.4.1/../../../../arm-none-eabi/lib/armv7e-m/fpu/libc.a(lib_a-init.o)
 .data          0x0000000000000000        0x0 /Applications/Ac6/SystemWorkbench.app/Contents/Eclipse/plugins/fr.ac6.mcu.externaltools.arm-none.macos64_1.13.0.201701261202/tools/compiler/bin/../lib/gcc/arm-none-eabi/5.4.1/../../../../arm-none-eabi/lib/armv7e-m/fpu/libc.a(lib_a-init.o)
 .bss           0x0000000000000000        0x0 /Applications/Ac6/SystemWorkbench.app/Contents/Eclipse/plugins/fr.ac6.mcu.externaltools.arm-none.macos64_1.13.0.201701261202/tools/compiler/bin/../lib/gcc/arm-none-eabi/5.4.1/../../../../arm-none-eabi/lib/armv7e-m/fpu/libc.a(lib_a-init.o)
 .text          0x0000000000000000        0x0 /Applications/Ac6/SystemWorkbench.app/Contents/Eclipse/plugins/fr.ac6.mcu.externaltools.arm-none.macos64_1.13.0.201701261202/tools/compiler/bin/../lib/gcc/arm-none-eabi/5.4.1/../../../../arm-none-eabi/lib/armv7e-m/fpu/libc.a(lib_a-memset.o)
 .data          0x0000000000000000        0x0 /Applications/Ac6/SystemWorkbench.app/Contents/Eclipse/plugins/fr.ac6.mcu.externaltools.arm-none.macos64_1.13.0.201701261202/tools/compiler/bin/../lib/gcc/arm-none-eabi/5.4.1/../../../../arm-none-eabi/lib/armv7e-m/fpu/libc.a(lib_a-memset.o)
 .bss           0x0000000000000000        0x0 /Applications/Ac6/SystemWorkbench.app/Contents/Eclipse/plugins/fr.ac6.mcu.externaltools.arm-none.macos64_1.13.0.201701261202/tools/compiler/bin/../lib/gcc/arm-none-eabi/5.4.1/../../../../arm-none-eabi/lib/armv7e-m/fpu/libc.a(lib_a-memset.o)
 .text.memset   0x0000000000000000       0x9c /Applications/Ac6/SystemWorkbench.app/Contents/Eclipse/plugins/fr.ac6.mcu.externaltools.arm-none.macos64_1.13.0.201701261202/tools/compiler/bin/../lib/gcc/arm-none-eabi/5.4.1/../../../../arm-none-eabi/lib/armv7e-m/fpu/libc.a(lib_a-memset.o)
 .debug_frame   0x0000000000000000       0x34 /Applications/Ac6/SystemWorkbench.app/Contents/Eclipse/plugins/fr.ac6.mcu.externaltools.arm-none.macos64_1.13.0.201701261202/tools/compiler/bin/../lib/gcc/arm-none-eabi/5.4.1/../../../../arm-none-eabi/lib/armv7e-m/fpu/libc.a(lib_a-memset.o)
 .ARM.attributes
                0x0000000000000000       0x34 /Applications/Ac6/SystemWorkbench.app/Contents/Eclipse/plugins/fr.ac6.mcu.externaltools.arm-none.macos64_1.13.0.201701261202/tools/compiler/bin/../lib/gcc/arm-none-eabi/5.4.1/../../../../arm-none-eabi/lib/armv7e-m/fpu/libc.a(lib_a-memset.o)
 .text          0x0000000000000000        0x0 /Applications/Ac6/SystemWorkbench.app/Contents/Eclipse/plugins/fr.ac6.mcu.externaltools.arm-none.macos64_1.13.0.201701261202/tools/compiler/bin/../lib/gcc/arm-none-eabi/5.4.1/../../../../arm-none-eabi/lib/armv7e-m/fpu/libc.a(lib_a-__call_atexit.o)
 .data          0x0000000000000000        0x0 /Applications/Ac6/SystemWorkbench.app/Contents/Eclipse/plugins/fr.ac6.mcu.externaltools.arm-none.macos64_1.13.0.201701261202/tools/compiler/bin/../lib/gcc/arm-none-eabi/5.4.1/../../../../arm-none-eabi/lib/armv7e-m/fpu/libc.a(lib_a-__call_atexit.o)
 .bss           0x0000000000000000        0x0 /Applications/Ac6/SystemWorkbench.app/Contents/Eclipse/plugins/fr.ac6.mcu.externaltools.arm-none.macos64_1.13.0.201701261202/tools/compiler/bin/../lib/gcc/arm-none-eabi/5.4.1/../../../../arm-none-eabi/lib/armv7e-m/fpu/libc.a(lib_a-__call_atexit.o)
 .text.__call_exitprocs
                0x0000000000000000       0xd8 /Applications/Ac6/SystemWorkbench.app/Contents/Eclipse/plugins/fr.ac6.mcu.externaltools.arm-none.macos64_1.13.0.201701261202/tools/compiler/bin/../lib/gcc/arm-none-eabi/5.4.1/../../../../arm-none-eabi/lib/armv7e-m/fpu/libc.a(lib_a-__call_atexit.o)
 .text          0x0000000000000000        0x0 /Applications/Ac6/SystemWorkbench.app/Contents/Eclipse/plugins/fr.ac6.mcu.externaltools.arm-none.macos64_1.13.0.201701261202/tools/compiler/bin/../lib/gcc/arm-none-eabi/5.4.1/../../../../arm-none-eabi/lib/armv7e-m/fpu/libc.a(lib_a-atexit.o)
 .data          0x0000000000000000        0x0 /Applications/Ac6/SystemWorkbench.app/Contents/Eclipse/plugins/fr.ac6.mcu.externaltools.arm-none.macos64_1.13.0.201701261202/tools/compiler/bin/../lib/gcc/arm-none-eabi/5.4.1/../../../../arm-none-eabi/lib/armv7e-m/fpu/libc.a(lib_a-atexit.o)
 .bss           0x0000000000000000        0x0 /Applications/Ac6/SystemWorkbench.app/Contents/Eclipse/plugins/fr.ac6.mcu.externaltools.arm-none.macos64_1.13.0.201701261202/tools/compiler/bin/../lib/gcc/arm-none-eabi/5.4.1/../../../../arm-none-eabi/lib/armv7e-m/fpu/libc.a(lib_a-atexit.o)
 .text          0x0000000000000000        0x0 /Applications/Ac6/SystemWorkbench.app/Contents/Eclipse/plugins/fr.ac6.mcu.externaltools.arm-none.macos64_1.13.0.201701261202/tools/compiler/bin/../lib/gcc/arm-none-eabi/5.4.1/../../../../arm-none-eabi/lib/armv7e-m/fpu/libc.a(lib_a-fini.o)
 .data          0x0000000000000000        0x0 /Applications/Ac6/SystemWorkbench.app/Contents/Eclipse/plugins/fr.ac6.mcu.externaltools.arm-none.macos64_1.13.0.201701261202/tools/compiler/bin/../lib/gcc/arm-none-eabi/5.4.1/../../../../arm-none-eabi/lib/armv7e-m/fpu/libc.a(lib_a-fini.o)
 .bss           0x0000000000000000        0x0 /Applications/Ac6/SystemWorkbench.app/Contents/Eclipse/plugins/fr.ac6.mcu.externaltools.arm-none.macos64_1.13.0.201701261202/tools/compiler/bin/../lib/gcc/arm-none-eabi/5.4.1/../../../../arm-none-eabi/lib/armv7e-m/fpu/libc.a(lib_a-fini.o)
 .text          0x0000000000000000        0x0 /Applications/Ac6/SystemWorkbench.app/Contents/Eclipse/plugins/fr.ac6.mcu.externaltools.arm-none.macos64_1.13.0.201701261202/tools/compiler/bin/../lib/gcc/arm-none-eabi/5.4.1/../../../../arm-none-eabi/lib/armv7e-m/fpu/libc.a(lib_a-__atexit.o)
 .data          0x0000000000000000        0x0 /Applications/Ac6/SystemWorkbench.app/Contents/Eclipse/plugins/fr.ac6.mcu.externaltools.arm-none.macos64_1.13.0.201701261202/tools/compiler/bin/../lib/gcc/arm-none-eabi/5.4.1/../../../../arm-none-eabi/lib/armv7e-m/fpu/libc.a(lib_a-__atexit.o)
 .bss           0x0000000000000000        0x0 /Applications/Ac6/SystemWorkbench.app/Contents/Eclipse/plugins/fr.ac6.mcu.externaltools.arm-none.macos64_1.13.0.201701261202/tools/compiler/bin/../lib/gcc/arm-none-eabi/5.4.1/../../../../arm-none-eabi/lib/armv7e-m/fpu/libc.a(lib_a-__atexit.o)
 .text          0x0000000000000000        0x0 /Applications/Ac6/SystemWorkbench.app/Contents/Eclipse/plugins/fr.ac6.mcu.externaltools.arm-none.macos64_1.13.0.201701261202/tools/compiler/bin/../lib/gcc/arm-none-eabi/5.4.1/armv7e-m/fpu/crtend.o
 .data          0x0000000000000000        0x0 /Applications/Ac6/SystemWorkbench.app/Contents/Eclipse/plugins/fr.ac6.mcu.externaltools.arm-none.macos64_1.13.0.201701261202/tools/compiler/bin/../lib/gcc/arm-none-eabi/5.4.1/armv7e-m/fpu/crtend.o
 .bss           0x0000000000000000        0x0 /Applications/Ac6/SystemWorkbench.app/Contents/Eclipse/plugins/fr.ac6.mcu.externaltools.arm-none.macos64_1.13.0.201701261202/tools/compiler/bin/../lib/gcc/arm-none-eabi/5.4.1/armv7e-m/fpu/crtend.o
 .eh_frame      0x0000000000000000        0x4 /Applications/Ac6/SystemWorkbench.app/Contents/Eclipse/plugins/fr.ac6.mcu.externaltools.arm-none.macos64_1.13.0.201701261202/tools/compiler/bin/../lib/gcc/arm-none-eabi/5.4.1/armv7e-m/fpu/crtend.o
 .jcr           0x0000000000000000        0x4 /Applications/Ac6/SystemWorkbench.app/Contents/Eclipse/plugins/fr.ac6.mcu.externaltools.arm-none.macos64_1.13.0.201701261202/tools/compiler/bin/../lib/gcc/arm-none-eabi/5.4.1/armv7e-m/fpu/crtend.o
 .ARM.attributes
                0x0000000000000000       0x34 /Applications/Ac6/SystemWorkbench.app/Contents/Eclipse/plugins/fr.ac6.mcu.externaltools.arm-none.macos64_1.13.0.201701261202/tools/compiler/bin/../lib/gcc/arm-none-eabi/5.4.1/armv7e-m/fpu/crtend.o
 .text          0x0000000000000000        0x0 /Applications/Ac6/SystemWorkbench.app/Contents/Eclipse/plugins/fr.ac6.mcu.externaltools.arm-none.macos64_1.13.0.201701261202/tools/compiler/bin/../lib/gcc/arm-none-eabi/5.4.1/armv7e-m/fpu/crtn.o
 .data          0x0000000000000000        0x0 /Applications/Ac6/SystemWorkbench.app/Contents/Eclipse/plugins/fr.ac6.mcu.externaltools.arm-none.macos64_1.13.0.201701261202/tools/compiler/bin/../lib/gcc/arm-none-eabi/5.4.1/armv7e-m/fpu/crtn.o
 .bss           0x0000000000000000        0x0 /Applications/Ac6/SystemWorkbench.app/Contents/Eclipse/plugins/fr.ac6.mcu.externaltools.arm-none.macos64_1.13.0.201701261202/tools/compiler/bin/../lib/gcc/arm-none-eabi/5.4.1/armv7e-m/fpu/crtn.o

Memory Configuration

Name             Origin             Length             Attributes
RAM              0x0000000020000000 0x0000000000018000 xrw
ROM              0x0000000008000000 0x0000000000100000 xr
*default*        0x0000000000000000 0xffffffffffffffff

Linker script and memory map

LOAD /Applications/Ac6/SystemWorkbench.app/Contents/Eclipse/plugins/fr.ac6.mcu.externaltools.arm-none.macos64_1.13.0.201701261202/tools/compiler/bin/../lib/gcc/arm-none-eabi/5.4.1/armv7e-m/fpu/crti.o
LOAD /Applications/Ac6/SystemWorkbench.app/Contents/Eclipse/plugins/fr.ac6.mcu.externaltools.arm-none.macos64_1.13.0.201701261202/tools/compiler/bin/../lib/gcc/arm-none-eabi/5.4.1/armv7e-m/fpu/crtbegin.o
LOAD /Applications/Ac6/SystemWorkbench.app/Contents/Eclipse/plugins/fr.ac6.mcu.externaltools.arm-none.macos64_1.13.0.201701261202/tools/compiler/bin/../lib/gcc/arm-none-eabi/5.4.1/../../../../arm-none-eabi/lib/armv7e-m/fpu/crt0.o
LOAD /Applications/Ac6/SystemWorkbench.app/Contents/Eclipse/plugins/fr.ac6.mcu.externaltools.arm-none.macos64_1.13.0.201701261202/tools/compiler/bin/../lib/gcc/arm-none-eabi/5.4.1/../../../../arm-none-eabi/lib/armv7e-m/fpu/libm.a
LOAD src/7seg.o
LOAD src/gpio.o
LOAD src/helper_functions.o
LOAD src/keypad.o
LOAD src/led_button.o
LOAD src/main.o
LOAD src/timer_counter.o
LOAD startup/startup_stm32.o
LOAD startup/sysmem.o
START GROUP
LOAD /Applications/Ac6/SystemWorkbench.app/Contents/Eclipse/plugins/fr.ac6.mcu.externaltools.arm-none.macos64_1.13.0.201701261202/tools/compiler/bin/../lib/gcc/arm-none-eabi/5.4.1/armv7e-m/fpu/libgcc.a
LOAD /Applications/Ac6/SystemWorkbench.app/Contents/Eclipse/plugins/fr.ac6.mcu.externaltools.arm-none.macos64_1.13.0.201701261202/tools/compiler/bin/../lib/gcc/arm-none-eabi/5.4.1/../../../../arm-none-eabi/lib/armv7e-m/fpu/libc.a
END GROUP
LOAD /Applications/Ac6/SystemWorkbench.app/Contents/Eclipse/plugins/fr.ac6.mcu.externaltools.arm-none.macos64_1.13.0.201701261202/tools/compiler/bin/../lib/gcc/arm-none-eabi/5.4.1/armv7e-m/fpu/crtend.o
LOAD /Applications/Ac6/SystemWorkbench.app/Contents/Eclipse/plugins/fr.ac6.mcu.externaltools.arm-none.macos64_1.13.0.201701261202/tools/compiler/bin/../lib/gcc/arm-none-eabi/5.4.1/armv7e-m/fpu/crtn.o
                0x0000000020018000                _estack = 0x20018000
                0x0000000000000000                _Min_Heap_Size = 0x0
                0x0000000000000400                _Min_Stack_Size = 0x400

.isr_vector     0x0000000008000000      0x188
                0x0000000008000000                . = ALIGN (0x8)
 *(.isr_vector)
 .isr_vector    0x0000000008000000      0x188 startup/startup_stm32.o
                0x0000000008000000                g_pfnVectors
                0x0000000008000188                . = ALIGN (0x8)

.text           0x0000000008000188      0xea8
                0x0000000008000188                . = ALIGN (0x8)
 *(.text)
 .text          0x0000000008000188       0x5c /Applications/Ac6/SystemWorkbench.app/Contents/Eclipse/plugins/fr.ac6.mcu.externaltools.arm-none.macos64_1.13.0.201701261202/tools/compiler/bin/../lib/gcc/arm-none-eabi/5.4.1/armv7e-m/fpu/crtbegin.o
 .text          0x00000000080001e4      0x370 /Applications/Ac6/SystemWorkbench.app/Contents/Eclipse/plugins/fr.ac6.mcu.externaltools.arm-none.macos64_1.13.0.201701261202/tools/compiler/bin/../lib/gcc/arm-none-eabi/5.4.1/armv7e-m/fpu/libgcc.a(_arm_addsubdf3.o)
                0x00000000080001e4                __aeabi_drsub
                0x00000000080001ec                __subdf3
                0x00000000080001ec                __aeabi_dsub
                0x00000000080001f0                __aeabi_dadd
                0x00000000080001f0                __adddf3
                0x0000000008000468                __aeabi_ui2d
                0x0000000008000468                __floatunsidf
                0x0000000008000488                __floatsidf
                0x0000000008000488                __aeabi_i2d
                0x00000000080004ac                __extendsfdf2
                0x00000000080004ac                __aeabi_f2d
                0x00000000080004e8                __aeabi_ul2d
                0x00000000080004e8                __floatundidf
                0x00000000080004f8                __aeabi_l2d
                0x00000000080004f8                __floatdidf
 .text          0x0000000008000554      0x424 /Applications/Ac6/SystemWorkbench.app/Contents/Eclipse/plugins/fr.ac6.mcu.externaltools.arm-none.macos64_1.13.0.201701261202/tools/compiler/bin/../lib/gcc/arm-none-eabi/5.4.1/armv7e-m/fpu/libgcc.a(_arm_muldivdf3.o)
                0x0000000008000554                __aeabi_dmul
                0x0000000008000554                __muldf3
                0x00000000080007a8                __aeabi_ddiv
                0x00000000080007a8                __divdf3
 .text          0x0000000008000978       0x50 /Applications/Ac6/SystemWorkbench.app/Contents/Eclipse/plugins/fr.ac6.mcu.externaltools.arm-none.macos64_1.13.0.201701261202/tools/compiler/bin/../lib/gcc/arm-none-eabi/5.4.1/armv7e-m/fpu/libgcc.a(_arm_fixdfsi.o)
                0x0000000008000978                __fixdfsi
                0x0000000008000978                __aeabi_d2iz
 *(.text*)
 .text.set_gpio
                0x00000000080009c8       0x28 src/gpio.o
                0x00000000080009c8                set_gpio
 .text.reset_gpio
                0x00000000080009f0       0x28 src/gpio.o
                0x00000000080009f0                reset_gpio
 .text.read_gpio
                0x0000000008000a18       0x24 src/gpio.o
                0x0000000008000a18                read_gpio
 .text.delay_without_interrupt
                0x0000000008000a3c       0x40 src/helper_functions.o
                0x0000000008000a3c                delay_without_interrupt
 .text.FPU_init
                0x0000000008000a7c       0x2c src/helper_functions.o
                0x0000000008000a7c                FPU_init
 .text.init_button
                0x0000000008000aa8       0x58 src/led_button.o
                0x0000000008000aa8                init_button
 .text.init_led
                0x0000000008000b00       0x7c src/led_button.o
                0x0000000008000b00                init_led
 .text.SysTick_Handler
                0x0000000008000b7c       0x38 src/main.o
                0x0000000008000b7c                SysTick_Handler
 *fill*         0x0000000008000bb4        0x4 
 .text.main     0x0000000008000bb8      0x10c src/main.o
                0x0000000008000bb8                main
 .text.SystemClock_Config
                0x0000000008000cc4      0x180 src/timer_counter.o
                0x0000000008000cc4                SystemClock_Config
 .text.SystemClock_Config_Interrupt
                0x0000000008000e44       0x48 src/timer_counter.o
                0x0000000008000e44                SystemClock_Config_Interrupt
 .text.Reset_Handler
                0x0000000008000e8c       0x48 startup/startup_stm32.o
                0x0000000008000e8c                Reset_Handler
 .text.Default_Handler
                0x0000000008000ed4        0x2 startup/startup_stm32.o
                0x0000000008000ed4                TIM1_BRK_TIM15_IRQHandler
                0x0000000008000ed4                EXTI2_IRQHandler
                0x0000000008000ed4                TIM8_TRG_COM_IRQHandler
                0x0000000008000ed4                TIM8_CC_IRQHandler
                0x0000000008000ed4                DebugMon_Handler
                0x0000000008000ed4                DFSDM0_IRQHandler
                0x0000000008000ed4                TIM1_CC_IRQHandler
                0x0000000008000ed4                TSC_IRQHandler
                0x0000000008000ed4                HardFault_Handler
                0x0000000008000ed4                TAMP_STAMP_IRQHandler
                0x0000000008000ed4                PendSV_Handler
                0x0000000008000ed4                NMI_Handler
                0x0000000008000ed4                EXTI3_IRQHandler
                0x0000000008000ed4                LPTIM2_IRQHandler
                0x0000000008000ed4                I2C3_ER_IRQHandler
                0x0000000008000ed4                EXTI0_IRQHandler
                0x0000000008000ed4                I2C2_EV_IRQHandler
                0x0000000008000ed4                CAN1_RX0_IRQHandler
                0x0000000008000ed4                FPU_IRQHandler
                0x0000000008000ed4                TIM1_UP_TIM16_IRQHandler
                0x0000000008000ed4                UsageFault_Handler
                0x0000000008000ed4                ADC1_2_IRQHandler
                0x0000000008000ed4                SPI1_IRQHandler
                0x0000000008000ed4                TIM6_DAC_IRQHandler
                0x0000000008000ed4                TIM8_UP_IRQHandler
                0x0000000008000ed4                DMA2_Channel2_IRQHandler
                0x0000000008000ed4                DMA1_Channel4_IRQHandler
                0x0000000008000ed4                SAI2_IRQHandler
                0x0000000008000ed4                USART3_IRQHandler
                0x0000000008000ed4                DMA1_Channel7_IRQHandler
                0x0000000008000ed4                CAN1_RX1_IRQHandler
                0x0000000008000ed4                LCD_IRQHandler
                0x0000000008000ed4                UART5_IRQHandler
                0x0000000008000ed4                ADC3_IRQHandler
                0x0000000008000ed4                TIM4_IRQHandler
                0x0000000008000ed4                DMA2_Channel1_IRQHandler
                0x0000000008000ed4                QUADSPI_IRQHandler
                0x0000000008000ed4                I2C1_EV_IRQHandler
                0x0000000008000ed4                DMA1_Channel6_IRQHandler
                0x0000000008000ed4                UART4_IRQHandler
                0x0000000008000ed4                DMA2_Channel4_IRQHandler
                0x0000000008000ed4                TIM3_IRQHandler
                0x0000000008000ed4                RCC_IRQHandler
                0x0000000008000ed4                DMA1_Channel1_IRQHandler
                0x0000000008000ed4                Default_Handler
                0x0000000008000ed4                DMA2_Channel7_IRQHandler
                0x0000000008000ed4                EXTI15_10_IRQHandler
                0x0000000008000ed4                TIM7_IRQHandler
                0x0000000008000ed4                SDMMC1_IRQHandler
                0x0000000008000ed4                TIM5_IRQHandler
                0x0000000008000ed4                I2C3_EV_IRQHandler
                0x0000000008000ed4                DFSDM2_IRQHandler
                0x0000000008000ed4                EXTI9_5_IRQHandler
                0x0000000008000ed4                RTC_WKUP_IRQHandler
                0x0000000008000ed4                PVD_PVM_IRQHandler
                0x0000000008000ed4                SPI2_IRQHandler
                0x0000000008000ed4                DFSDM3_IRQHandler
                0x0000000008000ed4                MemManage_Handler
                0x0000000008000ed4                CAN1_TX_IRQHandler
                0x0000000008000ed4                SVC_Handler
                0x0000000008000ed4                DMA2_Channel5_IRQHandler
                0x0000000008000ed4                DMA1_Channel5_IRQHandler
                0x0000000008000ed4                EXTI4_IRQHandler
                0x0000000008000ed4                RNG_IRQHandler
                0x0000000008000ed4                TIM1_TRG_COM_TIM17_IRQHandler
                0x0000000008000ed4                DMA1_Channel3_IRQHandler
                0x0000000008000ed4                COMP_IRQHandler
                0x0000000008000ed4                WWDG_IRQHandler
                0x0000000008000ed4                LPUART1_IRQHandler
                0x0000000008000ed4                DMA2_Channel6_IRQHandler
                0x0000000008000ed4                TIM2_IRQHandler
                0x0000000008000ed4                EXTI1_IRQHandler
                0x0000000008000ed4                USART2_IRQHandler
                0x0000000008000ed4                I2C2_ER_IRQHandler
                0x0000000008000ed4                DMA1_Channel2_IRQHandler
                0x0000000008000ed4                TIM8_BRK_IRQHandler
                0x0000000008000ed4                CAN1_SCE_IRQHandler
                0x0000000008000ed4                FLASH_IRQHandler
                0x0000000008000ed4                BusFault_Handler
                0x0000000008000ed4                USART1_IRQHandler
                0x0000000008000ed4                OTG_FS_IRQHandler
                0x0000000008000ed4                SPI3_IRQHandler
                0x0000000008000ed4                I2C1_ER_IRQHandler
                0x0000000008000ed4                FMC_IRQHandler
                0x0000000008000ed4                SWPMI1_IRQHandler
                0x0000000008000ed4                LPTIM1_IRQHandler
                0x0000000008000ed4                DFSDM1_IRQHandler
                0x0000000008000ed4                SAI1_IRQHandler
                0x0000000008000ed4                DMA2_Channel3_IRQHandler
                0x0000000008000ed4                RTC_Alarm_IRQHandler
 *fill*         0x0000000008000ed6        0x2 
 .text.__libc_init_array
                0x0000000008000ed8       0x50 /Applications/Ac6/SystemWorkbench.app/Contents/Eclipse/plugins/fr.ac6.mcu.externaltools.arm-none.macos64_1.13.0.201701261202/tools/compiler/bin/../lib/gcc/arm-none-eabi/5.4.1/../../../../arm-none-eabi/lib/armv7e-m/fpu/libc.a(lib_a-init.o)
                0x0000000008000ed8                __libc_init_array
 .text.startup.register_fini
                0x0000000008000f28       0x14 /Applications/Ac6/SystemWorkbench.app/Contents/Eclipse/plugins/fr.ac6.mcu.externaltools.arm-none.macos64_1.13.0.201701261202/tools/compiler/bin/../lib/gcc/arm-none-eabi/5.4.1/../../../../arm-none-eabi/lib/armv7e-m/fpu/libc.a(lib_a-__call_atexit.o)
 .text.atexit   0x0000000008000f3c        0xc /Applications/Ac6/SystemWorkbench.app/Contents/Eclipse/plugins/fr.ac6.mcu.externaltools.arm-none.macos64_1.13.0.201701261202/tools/compiler/bin/../lib/gcc/arm-none-eabi/5.4.1/../../../../arm-none-eabi/lib/armv7e-m/fpu/libc.a(lib_a-atexit.o)
                0x0000000008000f3c                atexit
 .text.__libc_fini_array
                0x0000000008000f48       0x28 /Applications/Ac6/SystemWorkbench.app/Contents/Eclipse/plugins/fr.ac6.mcu.externaltools.arm-none.macos64_1.13.0.201701261202/tools/compiler/bin/../lib/gcc/arm-none-eabi/5.4.1/../../../../arm-none-eabi/lib/armv7e-m/fpu/libc.a(lib_a-fini.o)
                0x0000000008000f48                __libc_fini_array
 .text.__register_exitproc
                0x0000000008000f70       0xa4 /Applications/Ac6/SystemWorkbench.app/Contents/Eclipse/plugins/fr.ac6.mcu.externaltools.arm-none.macos64_1.13.0.201701261202/tools/compiler/bin/../lib/gcc/arm-none-eabi/5.4.1/../../../../arm-none-eabi/lib/armv7e-m/fpu/libc.a(lib_a-__atexit.o)
                0x0000000008000f70                __register_exitproc
 *(.glue_7)
 .glue_7        0x0000000008001014        0x0 linker stubs
 *(.glue_7t)
 .glue_7t       0x0000000008001014        0x0 linker stubs
 *(.eh_frame)
 .eh_frame      0x0000000008001014        0x0 /Applications/Ac6/SystemWorkbench.app/Contents/Eclipse/plugins/fr.ac6.mcu.externaltools.arm-none.macos64_1.13.0.201701261202/tools/compiler/bin/../lib/gcc/arm-none-eabi/5.4.1/armv7e-m/fpu/crtbegin.o
 *(.init)
 .init          0x0000000008001014        0x4 /Applications/Ac6/SystemWorkbench.app/Contents/Eclipse/plugins/fr.ac6.mcu.externaltools.arm-none.macos64_1.13.0.201701261202/tools/compiler/bin/../lib/gcc/arm-none-eabi/5.4.1/armv7e-m/fpu/crti.o
                0x0000000008001014                _init
 .init          0x0000000008001018        0x8 /Applications/Ac6/SystemWorkbench.app/Contents/Eclipse/plugins/fr.ac6.mcu.externaltools.arm-none.macos64_1.13.0.201701261202/tools/compiler/bin/../lib/gcc/arm-none-eabi/5.4.1/armv7e-m/fpu/crtn.o
 *(.fini)
 .fini          0x0000000008001020        0x4 /Applications/Ac6/SystemWorkbench.app/Contents/Eclipse/plugins/fr.ac6.mcu.externaltools.arm-none.macos64_1.13.0.201701261202/tools/compiler/bin/../lib/gcc/arm-none-eabi/5.4.1/armv7e-m/fpu/crti.o
                0x0000000008001020                _fini
 .fini          0x0000000008001024        0x8 /Applications/Ac6/SystemWorkbench.app/Contents/Eclipse/plugins/fr.ac6.mcu.externaltools.arm-none.macos64_1.13.0.201701261202/tools/compiler/bin/../lib/gcc/arm-none-eabi/5.4.1/armv7e-m/fpu/crtn.o
                0x0000000008001030                . = ALIGN (0x8)
 *fill*         0x000000000800102c        0x4 
                0x0000000008001030                _etext = .

.vfp11_veneer   0x0000000008001030        0x0
 .vfp11_veneer  0x0000000008001030        0x0 linker stubs

.v4_bx          0x0000000008001030        0x0
 .v4_bx         0x0000000008001030        0x0 linker stubs

.iplt           0x0000000008001030        0x0
 .iplt          0x0000000008001030        0x0 /Applications/Ac6/SystemWorkbench.app/Contents/Eclipse/plugins/fr.ac6.mcu.externaltools.arm-none.macos64_1.13.0.201701261202/tools/compiler/bin/../lib/gcc/arm-none-eabi/5.4.1/armv7e-m/fpu/crtbegin.o

.rodata         0x0000000008001030        0x8
                0x0000000008001030                . = ALIGN (0x8)
 *(.rodata)
 *(.rodata*)
 .rodata._global_impure_ptr
                0x0000000008001030        0x4 /Applications/Ac6/SystemWorkbench.app/Contents/Eclipse/plugins/fr.ac6.mcu.externaltools.arm-none.macos64_1.13.0.201701261202/tools/compiler/bin/../lib/gcc/arm-none-eabi/5.4.1/../../../../arm-none-eabi/lib/armv7e-m/fpu/libc.a(lib_a-impure.o)
                0x0000000008001030                _global_impure_ptr
                0x0000000008001038                . = ALIGN (0x8)
 *fill*         0x0000000008001034        0x4 

.rel.dyn        0x0000000008001038        0x0
 .rel.iplt      0x0000000008001038        0x0 /Applications/Ac6/SystemWorkbench.app/Contents/Eclipse/plugins/fr.ac6.mcu.externaltools.arm-none.macos64_1.13.0.201701261202/tools/compiler/bin/../lib/gcc/arm-none-eabi/5.4.1/armv7e-m/fpu/crtbegin.o

.ARM.extab      0x0000000008001038        0x0
                0x0000000008001038                . = ALIGN (0x8)
 *(.ARM.extab* .gnu.linkonce.armextab.*)
                0x0000000008001038                . = ALIGN (0x8)

.ARM            0x0000000008001038        0x0
                0x0000000008001038                . = ALIGN (0x8)
                0x0000000008001038                __exidx_start = .
 *(.ARM.exidx*)
                0x0000000008001038                __exidx_end = .
                0x0000000008001038                . = ALIGN (0x8)

.preinit_array  0x0000000008001038        0x0
                0x0000000008001038                . = ALIGN (0x8)
                0x0000000008001038                PROVIDE (__preinit_array_start, .)
 *(.preinit_array*)
                0x0000000008001038                PROVIDE (__preinit_array_end, .)
                0x0000000008001038                . = ALIGN (0x8)

.init_array     0x0000000008001038        0x8
                0x0000000008001038                . = ALIGN (0x8)
                0x0000000008001038                PROVIDE (__init_array_start, .)
 *(SORT(.init_array.*))
 .init_array.00000
                0x0000000008001038        0x4 /Applications/Ac6/SystemWorkbench.app/Contents/Eclipse/plugins/fr.ac6.mcu.externaltools.arm-none.macos64_1.13.0.201701261202/tools/compiler/bin/../lib/gcc/arm-none-eabi/5.4.1/../../../../arm-none-eabi/lib/armv7e-m/fpu/libc.a(lib_a-__call_atexit.o)
 *(.init_array*)
 .init_array    0x000000000800103c        0x4 /Applications/Ac6/SystemWorkbench.app/Contents/Eclipse/plugins/fr.ac6.mcu.externaltools.arm-none.macos64_1.13.0.201701261202/tools/compiler/bin/../lib/gcc/arm-none-eabi/5.4.1/armv7e-m/fpu/crtbegin.o
                0x0000000008001040                PROVIDE (__init_array_end, .)
                0x0000000008001040                . = ALIGN (0x8)

.fini_array     0x0000000008001040        0x8
                0x0000000008001040                . = ALIGN (0x8)
                0x0000000008001040                PROVIDE (__fini_array_start, .)
 *(SORT(.fini_array.*))
 *(.fini_array*)
 .fini_array    0x0000000008001040        0x4 /Applications/Ac6/SystemWorkbench.app/Contents/Eclipse/plugins/fr.ac6.mcu.externaltools.arm-none.macos64_1.13.0.201701261202/tools/compiler/bin/../lib/gcc/arm-none-eabi/5.4.1/armv7e-m/fpu/crtbegin.o
                0x0000000008001044                PROVIDE (__fini_array_end, .)
                0x0000000008001048                . = ALIGN (0x8)
 *fill*         0x0000000008001044        0x4 
                0x0000000008001048                _sidata = LOADADDR (.data)

.data           0x0000000020000000      0x428 load address 0x0000000008001048
                0x0000000020000000                . = ALIGN (0x8)
                0x0000000020000000                _sdata = .
 *(.data)
 *(.data*)
 .data.impure_data
                0x0000000020000000      0x428 /Applications/Ac6/SystemWorkbench.app/Contents/Eclipse/plugins/fr.ac6.mcu.externaltools.arm-none.macos64_1.13.0.201701261202/tools/compiler/bin/../lib/gcc/arm-none-eabi/5.4.1/../../../../arm-none-eabi/lib/armv7e-m/fpu/libc.a(lib_a-impure.o)
                0x0000000020000428                . = ALIGN (0x8)
                0x0000000020000428                _edata = .

.jcr            0x0000000020000428        0x0 load address 0x0000000008001470
 .jcr           0x0000000020000428        0x0 /Applications/Ac6/SystemWorkbench.app/Contents/Eclipse/plugins/fr.ac6.mcu.externaltools.arm-none.macos64_1.13.0.201701261202/tools/compiler/bin/../lib/gcc/arm-none-eabi/5.4.1/armv7e-m/fpu/crtbegin.o

.igot.plt       0x0000000020000428        0x0 load address 0x0000000008001470
 .igot.plt      0x0000000020000428        0x0 /Applications/Ac6/SystemWorkbench.app/Contents/Eclipse/plugins/fr.ac6.mcu.externaltools.arm-none.macos64_1.13.0.201701261202/tools/compiler/bin/../lib/gcc/arm-none-eabi/5.4.1/armv7e-m/fpu/crtbegin.o
                0x0000000020000428                . = ALIGN (0x4)

.bss            0x0000000020000428       0x1c load address 0x0000000008001470
                0x0000000020000428                _sbss = .
                0x0000000020000428                __bss_start__ = _sbss
 *(.bss)
 .bss           0x0000000020000428       0x1c /Applications/Ac6/SystemWorkbench.app/Contents/Eclipse/plugins/fr.ac6.mcu.externaltools.arm-none.macos64_1.13.0.201701261202/tools/compiler/bin/../lib/gcc/arm-none-eabi/5.4.1/armv7e-m/fpu/crtbegin.o
 *(.bss*)
 *(COMMON)
                0x0000000020000444                . = ALIGN (0x4)
                0x0000000020000444                _ebss = .
                0x0000000020000444                __bss_end__ = _ebss

._user_heap_stack
                0x0000000020000444      0x404 load address 0x0000000008001470
                0x0000000020000448                . = ALIGN (0x8)
 *fill*         0x0000000020000444        0x4 
                0x0000000020000448                PROVIDE (end, .)
                [!provide]                        PROVIDE (_end, .)
                0x0000000020000448                . = (. + _Min_Heap_Size)
                0x0000000020000848                . = (. + _Min_Stack_Size)
 *fill*         0x0000000020000448      0x400 
                0x0000000020000848                . = ALIGN (0x8)

/DISCARD/
 libc.a(*)
 libm.a(*)
 libgcc.a(*)

.ARM.attributes
                0x0000000000000000       0x30
 *(.ARM.attributes)
 .ARM.attributes
                0x0000000000000000       0x22 /Applications/Ac6/SystemWorkbench.app/Contents/Eclipse/plugins/fr.ac6.mcu.externaltools.arm-none.macos64_1.13.0.201701261202/tools/compiler/bin/../lib/gcc/arm-none-eabi/5.4.1/armv7e-m/fpu/crti.o
 .ARM.attributes
                0x0000000000000022       0x34 /Applications/Ac6/SystemWorkbench.app/Contents/Eclipse/plugins/fr.ac6.mcu.externaltools.arm-none.macos64_1.13.0.201701261202/tools/compiler/bin/../lib/gcc/arm-none-eabi/5.4.1/armv7e-m/fpu/crtbegin.o
 .ARM.attributes
                0x0000000000000056       0x39 src/gpio.o
 .ARM.attributes
                0x000000000000008f       0x39 src/helper_functions.o
 .ARM.attributes
                0x00000000000000c8       0x39 src/led_button.o
 .ARM.attributes
                0x0000000000000101       0x39 src/main.o
 .ARM.attributes
                0x000000000000013a       0x39 src/timer_counter.o
 .ARM.attributes
                0x0000000000000173       0x25 startup/startup_stm32.o
 .ARM.attributes
                0x0000000000000198       0x22 /Applications/Ac6/SystemWorkbench.app/Contents/Eclipse/plugins/fr.ac6.mcu.externaltools.arm-none.macos64_1.13.0.201701261202/tools/compiler/bin/../lib/gcc/arm-none-eabi/5.4.1/armv7e-m/fpu/libgcc.a(_arm_addsubdf3.o)
 .ARM.attributes
                0x00000000000001ba       0x22 /Applications/Ac6/SystemWorkbench.app/Contents/Eclipse/plugins/fr.ac6.mcu.externaltools.arm-none.macos64_1.13.0.201701261202/tools/compiler/bin/../lib/gcc/arm-none-eabi/5.4.1/armv7e-m/fpu/libgcc.a(_arm_muldivdf3.o)
 .ARM.attributes
                0x00000000000001dc       0x22 /Applications/Ac6/SystemWorkbench.app/Contents/Eclipse/plugins/fr.ac6.mcu.externaltools.arm-none.macos64_1.13.0.201701261202/tools/compiler/bin/../lib/gcc/arm-none-eabi/5.4.1/armv7e-m/fpu/libgcc.a(_arm_fixdfsi.o)
 .ARM.attributes
                0x00000000000001fe       0x34 /Applications/Ac6/SystemWorkbench.app/Contents/Eclipse/plugins/fr.ac6.mcu.externaltools.arm-none.macos64_1.13.0.201701261202/tools/compiler/bin/../lib/gcc/arm-none-eabi/5.4.1/../../../../arm-none-eabi/lib/armv7e-m/fpu/libc.a(lib_a-impure.o)
 .ARM.attributes
                0x0000000000000232       0x34 /Applications/Ac6/SystemWorkbench.app/Contents/Eclipse/plugins/fr.ac6.mcu.externaltools.arm-none.macos64_1.13.0.201701261202/tools/compiler/bin/../lib/gcc/arm-none-eabi/5.4.1/../../../../arm-none-eabi/lib/armv7e-m/fpu/libc.a(lib_a-init.o)
 .ARM.attributes
                0x0000000000000266       0x34 /Applications/Ac6/SystemWorkbench.app/Contents/Eclipse/plugins/fr.ac6.mcu.externaltools.arm-none.macos64_1.13.0.201701261202/tools/compiler/bin/../lib/gcc/arm-none-eabi/5.4.1/../../../../arm-none-eabi/lib/armv7e-m/fpu/libc.a(lib_a-__call_atexit.o)
 .ARM.attributes
                0x000000000000029a       0x34 /Applications/Ac6/SystemWorkbench.app/Contents/Eclipse/plugins/fr.ac6.mcu.externaltools.arm-none.macos64_1.13.0.201701261202/tools/compiler/bin/../lib/gcc/arm-none-eabi/5.4.1/../../../../arm-none-eabi/lib/armv7e-m/fpu/libc.a(lib_a-atexit.o)
 .ARM.attributes
                0x00000000000002ce       0x34 /Applications/Ac6/SystemWorkbench.app/Contents/Eclipse/plugins/fr.ac6.mcu.externaltools.arm-none.macos64_1.13.0.201701261202/tools/compiler/bin/../lib/gcc/arm-none-eabi/5.4.1/../../../../arm-none-eabi/lib/armv7e-m/fpu/libc.a(lib_a-fini.o)
 .ARM.attributes
                0x0000000000000302       0x34 /Applications/Ac6/SystemWorkbench.app/Contents/Eclipse/plugins/fr.ac6.mcu.externaltools.arm-none.macos64_1.13.0.201701261202/tools/compiler/bin/../lib/gcc/arm-none-eabi/5.4.1/../../../../arm-none-eabi/lib/armv7e-m/fpu/libc.a(lib_a-__atexit.o)
 .ARM.attributes
                0x0000000000000336       0x22 /Applications/Ac6/SystemWorkbench.app/Contents/Eclipse/plugins/fr.ac6.mcu.externaltools.arm-none.macos64_1.13.0.201701261202/tools/compiler/bin/../lib/gcc/arm-none-eabi/5.4.1/armv7e-m/fpu/crtn.o
OUTPUT(Intrrupt.elf elf32-littlearm)

.debug_info     0x0000000000000000     0x1253
 .debug_info    0x0000000000000000      0x213 src/gpio.o
 .debug_info    0x0000000000000213      0x2f2 src/helper_functions.o
 .debug_info    0x0000000000000505      0x3e8 src/led_button.o
 .debug_info    0x00000000000008ed      0x269 src/main.o
 .debug_info    0x0000000000000b56      0x680 src/timer_counter.o
 .debug_info    0x00000000000011d6       0x7d startup/startup_stm32.o

.debug_abbrev   0x0000000000000000      0x518
 .debug_abbrev  0x0000000000000000       0xf9 src/gpio.o
 .debug_abbrev  0x00000000000000f9      0x111 src/helper_functions.o
 .debug_abbrev  0x000000000000020a       0xdf src/led_button.o
 .debug_abbrev  0x00000000000002e9       0xfa src/main.o
 .debug_abbrev  0x00000000000003e3      0x123 src/timer_counter.o
 .debug_abbrev  0x0000000000000506       0x12 startup/startup_stm32.o

.debug_aranges  0x0000000000000000      0x128
 .debug_aranges
                0x0000000000000000       0x30 src/gpio.o
 .debug_aranges
                0x0000000000000030       0x28 src/helper_functions.o
 .debug_aranges
                0x0000000000000058       0x28 src/led_button.o
 .debug_aranges
                0x0000000000000080       0x28 src/main.o
 .debug_aranges
                0x00000000000000a8       0x58 src/timer_counter.o
 .debug_aranges
                0x0000000000000100       0x28 startup/startup_stm32.o

.debug_ranges   0x0000000000000000       0xd0
 .debug_ranges  0x0000000000000000       0x20 src/gpio.o
 .debug_ranges  0x0000000000000020       0x18 src/helper_functions.o
 .debug_ranges  0x0000000000000038       0x18 src/led_button.o
 .debug_ranges  0x0000000000000050       0x18 src/main.o
 .debug_ranges  0x0000000000000068       0x48 src/timer_counter.o
 .debug_ranges  0x00000000000000b0       0x20 startup/startup_stm32.o

.debug_macro    0x0000000000000000      0x3ca
 .debug_macro   0x0000000000000000       0xb4 src/gpio.o
 .debug_macro   0x00000000000000b4       0xb4 src/helper_functions.o
 .debug_macro   0x0000000000000168       0xb4 src/led_button.o
 .debug_macro   0x000000000000021c       0xfa src/main.o
 .debug_macro   0x0000000000000316       0xb4 src/timer_counter.o

.debug_line     0x0000000000000000     0x162d
 .debug_line    0x0000000000000000      0x410 src/gpio.o
 .debug_line    0x0000000000000410      0x42b src/helper_functions.o
 .debug_line    0x000000000000083b      0x419 src/led_button.o
 .debug_line    0x0000000000000c54      0x48e src/main.o
 .debug_line    0x00000000000010e2      0x4d2 src/timer_counter.o
 .debug_line    0x00000000000015b4       0x79 startup/startup_stm32.o

.debug_str      0x0000000000000000    0x9a823
 .debug_str     0x0000000000000000    0x99ea4 src/gpio.o
                                      0x9a048 (size before relaxing)
 .debug_str     0x0000000000099ea4       0xc3 src/helper_functions.o
                                      0x9a0ab (size before relaxing)
 .debug_str     0x0000000000099f67      0x163 src/led_button.o
                                      0x9a18e (size before relaxing)
 .debug_str     0x000000000009a0ca      0x64d src/main.o
                                      0x9a664 (size before relaxing)
 .debug_str     0x000000000009a717      0x10c src/timer_counter.o
                                      0x9a289 (size before relaxing)

.comment        0x0000000000000000       0x6e
 .comment       0x0000000000000000       0x6e src/gpio.o
                                         0x6f (size before relaxing)
 .comment       0x000000000000006e       0x6f src/helper_functions.o
 .comment       0x000000000000006e       0x6f src/led_button.o
 .comment       0x000000000000006e       0x6f src/main.o
 .comment       0x000000000000006e       0x6f src/timer_counter.o

.debug_frame    0x0000000000000000      0x3d4
 .debug_frame   0x0000000000000000       0x88 src/gpio.o
 .debug_frame   0x0000000000000088       0x58 src/helper_functions.o
 .debug_frame   0x00000000000000e0       0x60 src/led_button.o
 .debug_frame   0x0000000000000140       0x54 src/main.o
 .debug_frame   0x0000000000000194      0x13c src/timer_counter.o
 .debug_frame   0x00000000000002d0       0x2c /Applications/Ac6/SystemWorkbench.app/Contents/Eclipse/plugins/fr.ac6.mcu.externaltools.arm-none.macos64_1.13.0.201701261202/tools/compiler/bin/../lib/gcc/arm-none-eabi/5.4.1/../../../../arm-none-eabi/lib/armv7e-m/fpu/libc.a(lib_a-init.o)
 .debug_frame   0x00000000000002fc       0x50 /Applications/Ac6/SystemWorkbench.app/Contents/Eclipse/plugins/fr.ac6.mcu.externaltools.arm-none.macos64_1.13.0.201701261202/tools/compiler/bin/../lib/gcc/arm-none-eabi/5.4.1/../../../../arm-none-eabi/lib/armv7e-m/fpu/libc.a(lib_a-__call_atexit.o)
 .debug_frame   0x000000000000034c       0x20 /Applications/Ac6/SystemWorkbench.app/Contents/Eclipse/plugins/fr.ac6.mcu.externaltools.arm-none.macos64_1.13.0.201701261202/tools/compiler/bin/../lib/gcc/arm-none-eabi/5.4.1/../../../../arm-none-eabi/lib/armv7e-m/fpu/libc.a(lib_a-atexit.o)
 .debug_frame   0x000000000000036c       0x34 /Applications/Ac6/SystemWorkbench.app/Contents/Eclipse/plugins/fr.ac6.mcu.externaltools.arm-none.macos64_1.13.0.201701261202/tools/compiler/bin/../lib/gcc/arm-none-eabi/5.4.1/../../../../arm-none-eabi/lib/armv7e-m/fpu/libc.a(lib_a-fini.o)
 .debug_frame   0x00000000000003a0       0x34 /Applications/Ac6/SystemWorkbench.app/Contents/Eclipse/plugins/fr.ac6.mcu.externaltools.arm-none.macos64_1.13.0.201701261202/tools/compiler/bin/../lib/gcc/arm-none-eabi/5.4.1/../../../../arm-none-eabi/lib/armv7e-m/fpu/libc.a(lib_a-__atexit.o)
